Copyright 1986-2022 Xilinx, Inc. All Rights Reserved. Copyright 2022-2025 Advanced Micro Devices, Inc. All Rights Reserved.
---------------------------------------------------------------------------------------------------------------------------------------------
| Tool Version : Vivado v.2025.1 (win64) Build 6140274 Thu May 22 00:12:29 MDT 2025
| Date         : Wed Aug  5 23:09:01 2026
| Host         : DESKTOP-77IKTDK running 64-bit major release  (build 9200)
| Command      : report_control_sets -verbose -file top_control_sets_placed.rpt
| Design       : top
| Device       : xc7a35t
---------------------------------------------------------------------------------------------------------------------------------------------

Control Set Information

Table of Contents
-----------------
1. Summary
2. Histogram
3. Flip-Flop Distribution
4. Detailed Control Set Information

1. Summary
----------

+----------------------------------------------------------+-------+
|                          Status                          | Count |
+----------------------------------------------------------+-------+
| Total control sets                                       |    14 |
|    Minimum number of control sets                        |    14 |
|    Addition due to synthesis replication                 |     0 |
|    Addition due to physical synthesis replication        |     0 |
| Unused register locations in slices containing registers |    27 |
+----------------------------------------------------------+-------+
* Control sets can be merged at opt_design using control_set_merge or merge_equivalent_drivers
** Run report_qor_suggestions for automated merging and remapping suggestions


2. Histogram
------------

+--------------------+-------+
|       Fanout       | Count |
+--------------------+-------+
| Total control sets |    14 |
| >= 0 to < 4        |     2 |
| >= 4 to < 6        |     0 |
| >= 6 to < 8        |     2 |
| >= 8 to < 10       |     8 |
| >= 10 to < 12      |     0 |
| >= 12 to < 14      |     0 |
| >= 14 to < 16      |     0 |
| >= 16              |     2 |
+--------------------+-------+
* Control sets can be remapped at either synth_design or opt_design


3. Flip-Flop Distribution
-------------------------

+--------------+-----------------------+------------------------+-----------------+--------------+
| Clock Enable | Synchronous Set/Reset | Asynchronous Set/Reset | Total Registers | Total Slices |
+--------------+-----------------------+------------------------+-----------------+--------------+
| No           | No                    | No                     |               2 |            1 |
| No           | No                    | Yes                    |               3 |            1 |
| No           | Yes                   | No                     |              43 |           12 |
| Yes          | No                    | No                     |               0 |            0 |
| Yes          | No                    | Yes                    |              77 |           34 |
| Yes          | Yes                   | No                     |               0 |            0 |
+--------------+-----------------------+------------------------+-----------------+--------------+


4. Detailed Control Set Information
-----------------------------------

+----------------+-----------------------------+------------------------+------------------+----------------+--------------+
|  Clock Signal  |        Enable Signal        |    Set/Reset Signal    | Slice Load Count | Bel Load Count | Bels / Slice |
+----------------+-----------------------------+------------------------+------------------+----------------+--------------+
|  clk_IBUF_BUFG |                             |                        |                1 |              2 |         2.00 |
|  clk_IBUF_BUFG |                             | rst_btn_IBUF           |                1 |              3 |         3.00 |
|  clk_IBUF_BUFG | cpu0/ir[7]_i_1_n_0          | rst_btn_IBUF           |                2 |              6 |         3.00 |
|  clk_IBUF_BUFG | cpu0/ir2[7]_i_1_n_0         | rst_btn_IBUF           |                3 |              7 |         2.33 |
|  clk_IBUF_BUFG | cpu0/rf0/regs[1][7]_i_1_n_0 | rst_btn_IBUF           |                4 |              8 |         2.00 |
|  clk_IBUF_BUFG | cpu0/rf0/regs[4][7]_i_1_n_0 | rst_btn_IBUF           |                3 |              8 |         2.67 |
|  clk_IBUF_BUFG | cpu0/rf0/regs[5][7]_i_1_n_0 | rst_btn_IBUF           |                5 |              8 |         1.60 |
|  clk_IBUF_BUFG | cpu0/rf0/regs[6][7]_i_1_n_0 | rst_btn_IBUF           |                3 |              8 |         2.67 |
|  clk_IBUF_BUFG | cpu0/rf0/regs[3][7]_i_1_n_0 | rst_btn_IBUF           |                4 |              8 |         2.00 |
|  clk_IBUF_BUFG | cpu0/rf0/regs[7][7]_i_1_n_0 | rst_btn_IBUF           |                3 |              8 |         2.67 |
|  clk_IBUF_BUFG | cpu0/rf0/regs[2][7]_i_1_n_0 | rst_btn_IBUF           |                4 |              8 |         2.00 |
|  clk_IBUF_BUFG | cpu0/pc[7]_i_1_n_0          | rst_btn_IBUF           |                3 |              8 |         2.67 |
|  clk_IBUF_BUFG |                             | refresh_cnt[0]_i_1_n_0 |                5 |             17 |         3.40 |
|  clk_IBUF_BUFG |                             | cpu_cnt[0]_i_1_n_0     |                7 |             26 |         3.71 |
+----------------+-----------------------------+------------------------+------------------+----------------+--------------+


